// Vitest Snapshot v1

exports[`BlockResult -> Field > snapshots > default 1`] = `null`;

exports[`BlockResult -> Field > snapshots > withTopLine 1`] = `null`;
